------------------------------------------------------------
TimeQuest Timing Analyzer Summary
------------------------------------------------------------

Type  : Slow Model Setup 'CLOCK_50'
Slack : -6.879
TNS   : -139.773

Type  : Slow Model Setup 'KEY[1]'
Slack : -4.982
TNS   : -4737.427

Type  : Slow Model Setup 'clk_div:comb_3|clock_100hz_reg'
Slack : -0.070
TNS   : -0.140

Type  : Slow Model Setup 'clk_div:comb_3|clock_1Mhz_reg'
Slack : -0.069
TNS   : -0.150

Type  : Slow Model Setup 'clk_div:comb_3|clock_100Khz_reg'
Slack : -0.069
TNS   : -0.137

Type  : Slow Model Setup 'clk_div:comb_3|clock_1Khz_reg'
Slack : -0.069
TNS   : -0.137

Type  : Slow Model Setup 'clk_div:comb_3|clock_10Hz_reg'
Slack : -0.063
TNS   : -0.133

Type  : Slow Model Setup 'clk_div:comb_3|clock_10Khz_reg'
Slack : -0.061
TNS   : -0.113

Type  : Slow Model Hold 'CLOCK_50'
Slack : -0.014
TNS   : -0.014

Type  : Slow Model Hold 'clk_div:comb_3|clock_100Khz_reg'
Slack : 0.391
TNS   : 0.000

Type  : Slow Model Hold 'clk_div:comb_3|clock_100hz_reg'
Slack : 0.391
TNS   : 0.000

Type  : Slow Model Hold 'clk_div:comb_3|clock_10Hz_reg'
Slack : 0.391
TNS   : 0.000

Type  : Slow Model Hold 'clk_div:comb_3|clock_10Khz_reg'
Slack : 0.391
TNS   : 0.000

Type  : Slow Model Hold 'clk_div:comb_3|clock_1Khz_reg'
Slack : 0.391
TNS   : 0.000

Type  : Slow Model Hold 'clk_div:comb_3|clock_1Mhz_reg'
Slack : 0.391
TNS   : 0.000

Type  : Slow Model Hold 'KEY[1]'
Slack : 0.520
TNS   : 0.000

Type  : Slow Model Minimum Pulse Width 'KEY[1]'
Slack : -2.000
TNS   : -1918.524

Type  : Slow Model Minimum Pulse Width 'CLOCK_50'
Slack : -1.380
TNS   : -76.380

Type  : Slow Model Minimum Pulse Width 'clk_div:comb_3|clock_100Khz_reg'
Slack : -0.500
TNS   : -4.000

Type  : Slow Model Minimum Pulse Width 'clk_div:comb_3|clock_100hz_reg'
Slack : -0.500
TNS   : -4.000

Type  : Slow Model Minimum Pulse Width 'clk_div:comb_3|clock_10Hz_reg'
Slack : -0.500
TNS   : -4.000

Type  : Slow Model Minimum Pulse Width 'clk_div:comb_3|clock_10Khz_reg'
Slack : -0.500
TNS   : -4.000

Type  : Slow Model Minimum Pulse Width 'clk_div:comb_3|clock_1Khz_reg'
Slack : -0.500
TNS   : -4.000

Type  : Slow Model Minimum Pulse Width 'clk_div:comb_3|clock_1Mhz_reg'
Slack : -0.500
TNS   : -4.000

Type  : Fast Model Setup 'CLOCK_50'
Slack : -2.594
TNS   : -34.114

Type  : Fast Model Setup 'KEY[1]'
Slack : -1.973
TNS   : -1608.019

Type  : Fast Model Setup 'clk_div:comb_3|clock_100hz_reg'
Slack : 0.504
TNS   : 0.000

Type  : Fast Model Setup 'clk_div:comb_3|clock_100Khz_reg'
Slack : 0.508
TNS   : 0.000

Type  : Fast Model Setup 'clk_div:comb_3|clock_1Khz_reg'
Slack : 0.508
TNS   : 0.000

Type  : Fast Model Setup 'clk_div:comb_3|clock_1Mhz_reg'
Slack : 0.508
TNS   : 0.000

Type  : Fast Model Setup 'clk_div:comb_3|clock_10Hz_reg'
Slack : 0.509
TNS   : 0.000

Type  : Fast Model Setup 'clk_div:comb_3|clock_10Khz_reg'
Slack : 0.512
TNS   : 0.000

Type  : Fast Model Hold 'CLOCK_50'
Slack : -0.078
TNS   : -0.151

Type  : Fast Model Hold 'clk_div:comb_3|clock_100Khz_reg'
Slack : 0.215
TNS   : 0.000

Type  : Fast Model Hold 'clk_div:comb_3|clock_100hz_reg'
Slack : 0.215
TNS   : 0.000

Type  : Fast Model Hold 'clk_div:comb_3|clock_10Hz_reg'
Slack : 0.215
TNS   : 0.000

Type  : Fast Model Hold 'clk_div:comb_3|clock_10Khz_reg'
Slack : 0.215
TNS   : 0.000

Type  : Fast Model Hold 'clk_div:comb_3|clock_1Khz_reg'
Slack : 0.215
TNS   : 0.000

Type  : Fast Model Hold 'clk_div:comb_3|clock_1Mhz_reg'
Slack : 0.215
TNS   : 0.000

Type  : Fast Model Hold 'KEY[1]'
Slack : 0.239
TNS   : 0.000

Type  : Fast Model Minimum Pulse Width 'KEY[1]'
Slack : -2.000
TNS   : -1918.524

Type  : Fast Model Minimum Pulse Width 'CLOCK_50'
Slack : -1.380
TNS   : -76.380

Type  : Fast Model Minimum Pulse Width 'clk_div:comb_3|clock_100Khz_reg'
Slack : -0.500
TNS   : -4.000

Type  : Fast Model Minimum Pulse Width 'clk_div:comb_3|clock_100hz_reg'
Slack : -0.500
TNS   : -4.000

Type  : Fast Model Minimum Pulse Width 'clk_div:comb_3|clock_10Hz_reg'
Slack : -0.500
TNS   : -4.000

Type  : Fast Model Minimum Pulse Width 'clk_div:comb_3|clock_10Khz_reg'
Slack : -0.500
TNS   : -4.000

Type  : Fast Model Minimum Pulse Width 'clk_div:comb_3|clock_1Khz_reg'
Slack : -0.500
TNS   : -4.000

Type  : Fast Model Minimum Pulse Width 'clk_div:comb_3|clock_1Mhz_reg'
Slack : -0.500
TNS   : -4.000

------------------------------------------------------------
